------------------------------------------------------------------------------------------------------------------------------------------------------
      name:  STATA_Example3b
       log:  C:\Dropbox\19_PSQF7375_Clustered\PSQF7375_Clustered_Example3b\PSQF7375_Clustered_Example3b_STATA_Output.log
  log type:  text
 opened on:   2 Nov 2019, 14:01:42

. 
. // Label existing variables
. label variable studentID "studentID: Student ID number"

. label variable schoolID  "schoolID: School ID number"

. label variable frlunch   "frlunch: Student Free/Reduced Lunch 0=No 1=Yes"

. label variable math      "math: Student Free/Reduced Lunch 0=No 1=Yes"

. 
. // Get school means of variables and label them
. egen SMfrlunch   = mean(frlunch),   by (schoolID)

. egen SMmath      = mean(math),      by (schoolID)

. label variable SMfrlunch "SMfrlunch: School Mean 0=No, 1=Free/Reduced Lunch"

. label variable SMmath    "SMmath: School Mean Math Outcome"

. 
. // Get number of students per school
. egen Nperschool = count(studentID), by (schoolID)

. label variable Nperschool "Nperschool: # Students Contributing Data" 

. // Center school mean predictor
. gen SMfrlunch30 = SMfrlunch - .30

. label variable SMfrlunch30 "SMfrlunch30: % Students with Free Lunch (0=30%)"

. // Drop schools with <= 30 students
. drop if Nperschool < 31
(2,744 observations deleted)

. 
. // Sort in order of ID variables
. sort schoolID studentID

. 
. display as result "STATA School-Level Descriptives"
STATA School-Level Descriptives

. preserve  // Save for later use, then compute school-level dataset

. collapse  Nperschool SMfrlunch SMmath, by(schoolID)

. format    Nperschool SMfrlunch SMmath  %4.2f

. summarize Nperschool SMfrlunch SMmath, format

    Variable |        Obs        Mean    Std. Dev.       Min        Max
-------------+---------------------------------------------------------
  Nperschool |         94      139.17      138.20      31.00     515.00
   SMfrlunch |         94        0.30        0.21       0.00       0.80
      SMmath |         94       47.73        6.97      29.45      61.61

. restore   // Go back to student-level dataset

. 
. display as result "STATA Student-Level Descriptives"
STATA Student-Level Descriptives

. format    math frlunch %4.2f

. summarize math frlunch, format

    Variable |        Obs        Mean    Std. Dev.       Min        Max
-------------+---------------------------------------------------------
        math |     13,082       48.12       17.26       0.00      83.00
     frlunch |     13,082        0.31        0.46       0.00       1.00

. 
. ////////////////////////////////////////////////////////////////////////////////
> ////////                 BEGIN ANALYSES FOR EXAMPLE 3B                   ///////
> ////////////////////////////////////////////////////////////////////////////////
> 
. display as result "STATA Model 1: 2-Level Empty Means, Random Intercept for Math Outcome"
STATA Model 1: 2-Level Empty Means, Random Intercept for Math Outcome

. mixed math  ,         ///
>        || schoolID: , variance reml covariance(un) dfmethod(satterthwaite) ///
>            dftable(pvalue) residuals(independent),  // residuals: diagonal R matrix default
Note: single-variable random-effects specification in schoolID equation; covariance structure set to identity

Performing EM optimization: 

Performing gradient-based optimization: 

Iteration 0:   log restricted-likelihood = -54894.858  
Iteration 1:   log restricted-likelihood = -54894.858  

Computing standard errors:

Computing degrees of freedom:

Mixed-effects REML regression                   Number of obs     =     13,082
Group variable: schoolID                        Number of groups  =         94

                                                Obs per group:
                                                              min =         31
                                                              avg =      139.2
                                                              max =        515
DF method: Satterthwaite                        DF:           min =      92.76
                                                              avg =      92.76
                                                              max =      92.76

                                                F(0,     0.00)    =          .
Log restricted-likelihood = -54894.858          Prob > F          =          .

-------------------------------------------------------------------
        math |      Coef.   Std. Err.           DF       t    P>|t|
-------------+-----------------------------------------------------
       _cons |   47.75583   .7230123          92.8    66.05   0.000
-------------------------------------------------------------------

------------------------------------------------------------------------------
  Random-effects Parameters  |   Estimate   Std. Err.     [95% Conf. Interval]
-----------------------------+------------------------------------------------
schoolID: Identity           |
                  var(_cons) |   45.45287   7.153705       33.3882    61.87705
-----------------------------+------------------------------------------------
               var(Residual) |   253.1759   3.141547      247.0928    259.4087
------------------------------------------------------------------------------
LR test vs. linear model: chibar2(01) = 1860.21       Prob >= chibar2 = 0.0000

.        estat ic, n(94), // Get Information Criteria

Akaike's information criterion and Bayesian information criterion

-----------------------------------------------------------------------------
       Model |        Obs  ll(null)  ll(model)      df         AIC        BIC
-------------+---------------------------------------------------------------
           . |         94         .  -54894.86       3    109795.7   109803.3
-----------------------------------------------------------------------------
               Note: N=94 used in calculating BIC.

.        estat icc        // Get Intraclass Correlation

Intraclass correlation

------------------------------------------------------------------------------
                       Level |        ICC   Std. Err.     [95% Conf. Interval]
-----------------------------+------------------------------------------------
                    schoolID |   .1522053   .0203803      .1164008    .1965729
------------------------------------------------------------------------------

.        estat recovariance, relevel(schoolID)            // Get G matrix for whole sample

Random-effects covariance matrix for level schoolID

             |     _cons 
-------------+-----------
       _cons |  45.45287 

.        estat wcorrelation, covariance at(schoolID=125)  // Get V matrix for first schoolID

Covariances for schoolID = 125:

         obs |      1       2       3       4       5       6       7       8       9      10      11      12      13      14      15      16      17 
-------------+----------------------------------------------------------------------------------------------------------------------------------------
           1 | 298.629                                                                                                                                
>  
           2 | 45.453  298.629                                                                                                                        
>  
           3 | 45.453  45.453  298.629                                                                                                                
>  
           4 | 45.453  45.453  45.453  298.629                                                                                                        
>  
           5 | 45.453  45.453  45.453  45.453  298.629                                                                                                
>  
           6 | 45.453  45.453  45.453  45.453  45.453  298.629                                                                                        
>  
           7 | 45.453  45.453  45.453  45.453  45.453  45.453  298.629                                                                                
>  
           8 | 45.453  45.453  45.453  45.453  45.453  45.453  45.453  298.629                                                                        
>  
           9 | 45.453  45.453  45.453  45.453  45.453  45.453  45.453  45.453  298.629                                                                
>  
          10 | 45.453  45.453  45.453  45.453  45.453  45.453  45.453  45.453  45.453  298.629                                                        
>  
          11 | 45.453  45.453  45.453  45.453  45.453  45.453  45.453  45.453  45.453  45.453  298.629                                                
>  
          12 | 45.453  45.453  45.453  45.453  45.453  45.453  45.453  45.453  45.453  45.453  45.453  298.629                                        
>  
          13 | 45.453  45.453  45.453  45.453  45.453  45.453  45.453  45.453  45.453  45.453  45.453  45.453  298.629                                
>  
          14 | 45.453  45.453  45.453  45.453  45.453  45.453  45.453  45.453  45.453  45.453  45.453  45.453  45.453  298.629                        
>  
          15 | 45.453  45.453  45.453  45.453  45.453  45.453  45.453  45.453  45.453  45.453  45.453  45.453  45.453  45.453  298.629                
>  
          16 | 45.453  45.453  45.453  45.453  45.453  45.453  45.453  45.453  45.453  45.453  45.453  45.453  45.453  45.453  45.453  298.629        
>  
          17 | 45.453  45.453  45.453  45.453  45.453  45.453  45.453  45.453  45.453  45.453  45.453  45.453  45.453  45.453  45.453  45.453  298.629
>  
          18 | 45.453  45.453  45.453  45.453  45.453  45.453  45.453  45.453  45.453  45.453  45.453  45.453  45.453  45.453  45.453  45.453  45.453 
          19 | 45.453  45.453  45.453  45.453  45.453  45.453  45.453  45.453  45.453  45.453  45.453  45.453  45.453  45.453  45.453  45.453  45.453 
          20 | 45.453  45.453  45.453  45.453  45.453  45.453  45.453  45.453  45.453  45.453  45.453  45.453  45.453  45.453  45.453  45.453  45.453 
          21 | 45.453  45.453  45.453  45.453  45.453  45.453  45.453  45.453  45.453  45.453  45.453  45.453  45.453  45.453  45.453  45.453  45.453 
          22 | 45.453  45.453  45.453  45.453  45.453  45.453  45.453  45.453  45.453  45.453  45.453  45.453  45.453  45.453  45.453  45.453  45.453 
          23 | 45.453  45.453  45.453  45.453  45.453  45.453  45.453  45.453  45.453  45.453  45.453  45.453  45.453  45.453  45.453  45.453  45.453 
          24 | 45.453  45.453  45.453  45.453  45.453  45.453  45.453  45.453  45.453  45.453  45.453  45.453  45.453  45.453  45.453  45.453  45.453 
          25 | 45.453  45.453  45.453  45.453  45.453  45.453  45.453  45.453  45.453  45.453  45.453  45.453  45.453  45.453  45.453  45.453  45.453 
          26 | 45.453  45.453  45.453  45.453  45.453  45.453  45.453  45.453  45.453  45.453  45.453  45.453  45.453  45.453  45.453  45.453  45.453 
          27 | 45.453  45.453  45.453  45.453  45.453  45.453  45.453  45.453  45.453  45.453  45.453  45.453  45.453  45.453  45.453  45.453  45.453 
          28 | 45.453  45.453  45.453  45.453  45.453  45.453  45.453  45.453  45.453  45.453  45.453  45.453  45.453  45.453  45.453  45.453  45.453 
          29 | 45.453  45.453  45.453  45.453  45.453  45.453  45.453  45.453  45.453  45.453  45.453  45.453  45.453  45.453  45.453  45.453  45.453 
          30 | 45.453  45.453  45.453  45.453  45.453  45.453  45.453  45.453  45.453  45.453  45.453  45.453  45.453  45.453  45.453  45.453  45.453 
          31 | 45.453  45.453  45.453  45.453  45.453  45.453  45.453  45.453  45.453  45.453  45.453  45.453  45.453  45.453  45.453  45.453  45.453 
          32 | 45.453  45.453  45.453  45.453  45.453  45.453  45.453  45.453  45.453  45.453  45.453  45.453  45.453  45.453  45.453  45.453  45.453 
          33 | 45.453  45.453  45.453  45.453  45.453  45.453  45.453  45.453  45.453  45.453  45.453  45.453  45.453  45.453  45.453  45.453  45.453 
          34 | 45.453  45.453  45.453  45.453  45.453  45.453  45.453  45.453  45.453  45.453  45.453  45.453  45.453  45.453  45.453  45.453  45.453 
          35 | 45.453  45.453  45.453  45.453  45.453  45.453  45.453  45.453  45.453  45.453  45.453  45.453  45.453  45.453  45.453  45.453  45.453 

         obs |     18      19      20      21      22      23      24      25      26      27      28      29      30      31      32      33      34 
-------------+----------------------------------------------------------------------------------------------------------------------------------------
          18 | 298.629                                                                                                                                
>  
          19 | 45.453  298.629                                                                                                                        
>  
          20 | 45.453  45.453  298.629                                                                                                                
>  
          21 | 45.453  45.453  45.453  298.629                                                                                                        
>  
          22 | 45.453  45.453  45.453  45.453  298.629                                                                                                
>  
          23 | 45.453  45.453  45.453  45.453  45.453  298.629                                                                                        
>  
          24 | 45.453  45.453  45.453  45.453  45.453  45.453  298.629                                                                                
>  
          25 | 45.453  45.453  45.453  45.453  45.453  45.453  45.453  298.629                                                                        
>  
          26 | 45.453  45.453  45.453  45.453  45.453  45.453  45.453  45.453  298.629                                                                
>  
          27 | 45.453  45.453  45.453  45.453  45.453  45.453  45.453  45.453  45.453  298.629                                                        
>  
          28 | 45.453  45.453  45.453  45.453  45.453  45.453  45.453  45.453  45.453  45.453  298.629                                                
>  
          29 | 45.453  45.453  45.453  45.453  45.453  45.453  45.453  45.453  45.453  45.453  45.453  298.629                                        
>  
          30 | 45.453  45.453  45.453  45.453  45.453  45.453  45.453  45.453  45.453  45.453  45.453  45.453  298.629                                
>  
          31 | 45.453  45.453  45.453  45.453  45.453  45.453  45.453  45.453  45.453  45.453  45.453  45.453  45.453  298.629                        
>  
          32 | 45.453  45.453  45.453  45.453  45.453  45.453  45.453  45.453  45.453  45.453  45.453  45.453  45.453  45.453  298.629                
>  
          33 | 45.453  45.453  45.453  45.453  45.453  45.453  45.453  45.453  45.453  45.453  45.453  45.453  45.453  45.453  45.453  298.629        
>  
          34 | 45.453  45.453  45.453  45.453  45.453  45.453  45.453  45.453  45.453  45.453  45.453  45.453  45.453  45.453  45.453  45.453  298.629
>  
          35 | 45.453  45.453  45.453  45.453  45.453  45.453  45.453  45.453  45.453  45.453  45.453  45.453  45.453  45.453  45.453  45.453  45.453 

         obs |     35 
-------------+--------
          35 | 298.629 

.        estat wcorrelation, at(schoolID=125)             // Get VCORR matrix for first schoolID

Standard deviations and correlations for schoolID = 125:

Standard deviations:

         obs |      1       2       3       4       5       6       7       8       9      10      11      12      13      14      15      16      17 
-------------+----------------------------------------------------------------------------------------------------------------------------------------
          sd | 17.281  17.281  17.281  17.281  17.281  17.281  17.281  17.281  17.281  17.281  17.281  17.281  17.281  17.281  17.281  17.281  17.281 

         obs |     18      19      20      21      22      23      24      25      26      27      28      29      30      31      32      33      34 
-------------+----------------------------------------------------------------------------------------------------------------------------------------
          sd | 17.281  17.281  17.281  17.281  17.281  17.281  17.281  17.281  17.281  17.281  17.281  17.281  17.281  17.281  17.281  17.281  17.281 

         obs |     35 
-------------+--------
          sd | 17.281 

Correlations:

         obs |      1       2       3       4       5       6       7       8       9      10      11      12      13      14      15      16      17 
-------------+----------------------------------------------------------------------------------------------------------------------------------------
           1 |  1.000                                                                                                                                 
           2 |  0.152   1.000                                                                                                                         
           3 |  0.152   0.152   1.000                                                                                                                 
           4 |  0.152   0.152   0.152   1.000                                                                                                         
           5 |  0.152   0.152   0.152   0.152   1.000                                                                                                 
           6 |  0.152   0.152   0.152   0.152   0.152   1.000                                                                                         
           7 |  0.152   0.152   0.152   0.152   0.152   0.152   1.000                                                                                 
           8 |  0.152   0.152   0.152   0.152   0.152   0.152   0.152   1.000                                                                         
           9 |  0.152   0.152   0.152   0.152   0.152   0.152   0.152   0.152   1.000                                                                 
          10 |  0.152   0.152   0.152   0.152   0.152   0.152   0.152   0.152   0.152   1.000                                                         
          11 |  0.152   0.152   0.152   0.152   0.152   0.152   0.152   0.152   0.152   0.152   1.000                                                 
          12 |  0.152   0.152   0.152   0.152   0.152   0.152   0.152   0.152   0.152   0.152   0.152   1.000                                         
          13 |  0.152   0.152   0.152   0.152   0.152   0.152   0.152   0.152   0.152   0.152   0.152   0.152   1.000                                 
          14 |  0.152   0.152   0.152   0.152   0.152   0.152   0.152   0.152   0.152   0.152   0.152   0.152   0.152   1.000                         
          15 |  0.152   0.152   0.152   0.152   0.152   0.152   0.152   0.152   0.152   0.152   0.152   0.152   0.152   0.152   1.000                 
          16 |  0.152   0.152   0.152   0.152   0.152   0.152   0.152   0.152   0.152   0.152   0.152   0.152   0.152   0.152   0.152   1.000         
          17 |  0.152   0.152   0.152   0.152   0.152   0.152   0.152   0.152   0.152   0.152   0.152   0.152   0.152   0.152   0.152   0.152   1.000 
          18 |  0.152   0.152   0.152   0.152   0.152   0.152   0.152   0.152   0.152   0.152   0.152   0.152   0.152   0.152   0.152   0.152   0.152 
          19 |  0.152   0.152   0.152   0.152   0.152   0.152   0.152   0.152   0.152   0.152   0.152   0.152   0.152   0.152   0.152   0.152   0.152 
          20 |  0.152   0.152   0.152   0.152   0.152   0.152   0.152   0.152   0.152   0.152   0.152   0.152   0.152   0.152   0.152   0.152   0.152 
          21 |  0.152   0.152   0.152   0.152   0.152   0.152   0.152   0.152   0.152   0.152   0.152   0.152   0.152   0.152   0.152   0.152   0.152 
          22 |  0.152   0.152   0.152   0.152   0.152   0.152   0.152   0.152   0.152   0.152   0.152   0.152   0.152   0.152   0.152   0.152   0.152 
          23 |  0.152   0.152   0.152   0.152   0.152   0.152   0.152   0.152   0.152   0.152   0.152   0.152   0.152   0.152   0.152   0.152   0.152 
          24 |  0.152   0.152   0.152   0.152   0.152   0.152   0.152   0.152   0.152   0.152   0.152   0.152   0.152   0.152   0.152   0.152   0.152 
          25 |  0.152   0.152   0.152   0.152   0.152   0.152   0.152   0.152   0.152   0.152   0.152   0.152   0.152   0.152   0.152   0.152   0.152 
          26 |  0.152   0.152   0.152   0.152   0.152   0.152   0.152   0.152   0.152   0.152   0.152   0.152   0.152   0.152   0.152   0.152   0.152 
          27 |  0.152   0.152   0.152   0.152   0.152   0.152   0.152   0.152   0.152   0.152   0.152   0.152   0.152   0.152   0.152   0.152   0.152 
          28 |  0.152   0.152   0.152   0.152   0.152   0.152   0.152   0.152   0.152   0.152   0.152   0.152   0.152   0.152   0.152   0.152   0.152 
          29 |  0.152   0.152   0.152   0.152   0.152   0.152   0.152   0.152   0.152   0.152   0.152   0.152   0.152   0.152   0.152   0.152   0.152 
          30 |  0.152   0.152   0.152   0.152   0.152   0.152   0.152   0.152   0.152   0.152   0.152   0.152   0.152   0.152   0.152   0.152   0.152 
          31 |  0.152   0.152   0.152   0.152   0.152   0.152   0.152   0.152   0.152   0.152   0.152   0.152   0.152   0.152   0.152   0.152   0.152 
          32 |  0.152   0.152   0.152   0.152   0.152   0.152   0.152   0.152   0.152   0.152   0.152   0.152   0.152   0.152   0.152   0.152   0.152 
          33 |  0.152   0.152   0.152   0.152   0.152   0.152   0.152   0.152   0.152   0.152   0.152   0.152   0.152   0.152   0.152   0.152   0.152 
          34 |  0.152   0.152   0.152   0.152   0.152   0.152   0.152   0.152   0.152   0.152   0.152   0.152   0.152   0.152   0.152   0.152   0.152 
          35 |  0.152   0.152   0.152   0.152   0.152   0.152   0.152   0.152   0.152   0.152   0.152   0.152   0.152   0.152   0.152   0.152   0.152 

         obs |     18      19      20      21      22      23      24      25      26      27      28      29      30      31      32      33      34 
-------------+----------------------------------------------------------------------------------------------------------------------------------------
          18 |  1.000                                                                                                                                 
          19 |  0.152   1.000                                                                                                                         
          20 |  0.152   0.152   1.000                                                                                                                 
          21 |  0.152   0.152   0.152   1.000                                                                                                         
          22 |  0.152   0.152   0.152   0.152   1.000                                                                                                 
          23 |  0.152   0.152   0.152   0.152   0.152   1.000                                                                                         
          24 |  0.152   0.152   0.152   0.152   0.152   0.152   1.000                                                                                 
          25 |  0.152   0.152   0.152   0.152   0.152   0.152   0.152   1.000                                                                         
          26 |  0.152   0.152   0.152   0.152   0.152   0.152   0.152   0.152   1.000                                                                 
          27 |  0.152   0.152   0.152   0.152   0.152   0.152   0.152   0.152   0.152   1.000                                                         
          28 |  0.152   0.152   0.152   0.152   0.152   0.152   0.152   0.152   0.152   0.152   1.000                                                 
          29 |  0.152   0.152   0.152   0.152   0.152   0.152   0.152   0.152   0.152   0.152   0.152   1.000                                         
          30 |  0.152   0.152   0.152   0.152   0.152   0.152   0.152   0.152   0.152   0.152   0.152   0.152   1.000                                 
          31 |  0.152   0.152   0.152   0.152   0.152   0.152   0.152   0.152   0.152   0.152   0.152   0.152   0.152   1.000                         
          32 |  0.152   0.152   0.152   0.152   0.152   0.152   0.152   0.152   0.152   0.152   0.152   0.152   0.152   0.152   1.000                 
          33 |  0.152   0.152   0.152   0.152   0.152   0.152   0.152   0.152   0.152   0.152   0.152   0.152   0.152   0.152   0.152   1.000         
          34 |  0.152   0.152   0.152   0.152   0.152   0.152   0.152   0.152   0.152   0.152   0.152   0.152   0.152   0.152   0.152   0.152   1.000 
          35 |  0.152   0.152   0.152   0.152   0.152   0.152   0.152   0.152   0.152   0.152   0.152   0.152   0.152   0.152   0.152   0.152   0.152 

         obs |     35 
-------------+--------
          35 |  1.000 

.     
. display as result "STATA Model 2: Add Fixed Effect of Student Free/Reduced Lunch"
STATA Model 2: Add Fixed Effect of Student Free/Reduced Lunch

. mixed math c.frlunch, ///
>        || schoolID: , variance reml covariance(un) dfmethod(satterthwaite) dftable(pvalue),  
Note: single-variable random-effects specification in schoolID equation; covariance structure set to identity

Performing EM optimization: 

Performing gradient-based optimization: 

Iteration 0:   log restricted-likelihood = -54507.897  
Iteration 1:   log restricted-likelihood = -54507.897  

Computing standard errors:

Computing degrees of freedom:

Mixed-effects REML regression                   Number of obs     =     13,082
Group variable: schoolID                        Number of groups  =         94

                                                Obs per group:
                                                              min =         31
                                                              avg =      139.2
                                                              max =        515
DF method: Satterthwaite                        DF:           min =      98.12
                                                              avg =   6,523.15
                                                              max =  12,948.17

                                                F(1, 12948.17)    =     807.48
Log restricted-likelihood = -54507.897          Prob > F          =     0.0000

-------------------------------------------------------------------
        math |      Coef.   Std. Err.           DF       t    P>|t|
-------------+-----------------------------------------------------
     frlunch |  -9.428765   .3318092       12948.2   -28.42   0.000
       _cons |   50.61478    .579738          98.1    87.31   0.000
-------------------------------------------------------------------

------------------------------------------------------------------------------
  Random-effects Parameters  |   Estimate   Std. Err.     [95% Conf. Interval]
-----------------------------+------------------------------------------------
schoolID: Identity           |
                  var(_cons) |   27.22533   4.512334       19.6741    37.67485
-----------------------------+------------------------------------------------
               var(Residual) |   239.3468   2.970294      233.5954    245.2399
------------------------------------------------------------------------------
LR test vs. linear model: chibar2(01) = 894.01        Prob >= chibar2 = 0.0000

.       estat ic, n(94)

Akaike's information criterion and Bayesian information criterion

-----------------------------------------------------------------------------
       Model |        Obs  ll(null)  ll(model)      df         AIC        BIC
-------------+---------------------------------------------------------------
           . |         94         .   -54507.9       4    109023.8     109034
-----------------------------------------------------------------------------
               Note: N=94 used in calculating BIC.

.     
. display as result "STATA Model 3: Add Fixed Effect of School Proportion Free/Reduced Lunch"
STATA Model 3: Add Fixed Effect of School Proportion Free/Reduced Lunch

. mixed math c.frlunch c.SMfrlunch30,  ///
>        || schoolID: , variance reml covariance(un) dfmethod(satterthwaite) dftable(pvalue),  
Note: single-variable random-effects specification in schoolID equation; covariance structure set to identity

Performing EM optimization: 

Performing gradient-based optimization: 

Iteration 0:   log restricted-likelihood = -54480.925  
Iteration 1:   log restricted-likelihood = -54480.925  

Computing standard errors:

Computing degrees of freedom:

Mixed-effects REML regression                   Number of obs     =     13,082
Group variable: schoolID                        Number of groups  =         94

                                                Obs per group:
                                                              min =         31
                                                              avg =      139.2
                                                              max =        515
DF method: Satterthwaite                        DF:           min =      91.26
                                                              avg =   4,393.44
                                                              max =  12,988.55

                                                F(2,   179.77)    =     461.00
Log restricted-likelihood = -54480.925          Prob > F          =     0.0000

-------------------------------------------------------------------
        math |      Coef.   Std. Err.           DF       t    P>|t|
-------------+-----------------------------------------------------
     frlunch |  -9.172883   .3344253       12988.6   -27.43   0.000
 SMfrlunch30 |  -16.84334   2.025153          91.3    -8.32   0.000
       _cons |   50.60344   .4391979         100.5   115.22   0.000
-------------------------------------------------------------------

------------------------------------------------------------------------------
  Random-effects Parameters  |   Estimate   Std. Err.     [95% Conf. Interval]
-----------------------------+------------------------------------------------
schoolID: Identity           |
                  var(_cons) |   13.88993   2.631933      9.580981    20.13677
-----------------------------+------------------------------------------------
               var(Residual) |   239.4122   2.971841      233.6578    245.3083
------------------------------------------------------------------------------
LR test vs. linear model: chibar2(01) = 358.65        Prob >= chibar2 = 0.0000

.       estat ic, n(94), 

Akaike's information criterion and Bayesian information criterion

-----------------------------------------------------------------------------
       Model |        Obs  ll(null)  ll(model)      df         AIC        BIC
-------------+---------------------------------------------------------------
           . |         94         .  -54480.92       5    108971.8   108984.6
-----------------------------------------------------------------------------
               Note: N=94 used in calculating BIC.

.       lincom 1*c.frlunch + 1*c.SMfrlunch30, small    // FR lunch between-school effect

 ( 1)  [math]frlunch + [math]SMfrlunch30 = 0

------------------------------------------------------------------------------
        math |      Coef.   Std. Err.      t    P>|t|     [95% Conf. Interval]
-------------+----------------------------------------------------------------
         (1) |  -26.01622   1.997349   -13.03   0.000    -29.98659   -22.04585
------------------------------------------------------------------------------

.       estimates store FixFRLunch,                    // save LL for LRT

.       predict predlunch,                             // save fixed-effect predicted outcomes
(option xb assumed)

.       corr math predlunch                        
(obs=13,082)

             |     math predlu~h
-------------+------------------
        math |   1.0000
   predlunch |   0.4038   1.0000


.       display as result r(rho)^2 // total R2
.16307063

.     
. display as result "STATA Model 4: Add Random Effect of Student Free/Reduced Lunch"
STATA Model 4: Add Random Effect of Student Free/Reduced Lunch

. mixed math c.frlunch c. SMfrlunch30,  ///
>        || schoolID: c.frlunch, variance reml covariance(un) dfmethod(satterthwaite) dftable(pvalue),  

Performing EM optimization: 

Performing gradient-based optimization: 

Iteration 0:   log restricted-likelihood = -54436.801  
Iteration 1:   log restricted-likelihood = -54436.798  

Computing standard errors:

Computing degrees of freedom:

Mixed-effects REML regression                   Number of obs     =     13,082
Group variable: schoolID                        Number of groups  =         94

                                                Obs per group:
                                                              min =         31
                                                              avg =      139.2
                                                              max =        515
DF method: Satterthwaite                        DF:           min =      77.84
                                                              avg =      86.14
                                                              max =      90.47

                                                F(2,    82.11)    =     195.95
Log restricted-likelihood = -54436.798          Prob > F          =     0.0000

-------------------------------------------------------------------
        math |      Coef.   Std. Err.           DF       t    P>|t|
-------------+-----------------------------------------------------
     frlunch |  -8.445727   .5648284          77.8   -14.95   0.000
 SMfrlunch30 |  -17.09533   1.945566          90.1    -8.79   0.000
       _cons |   50.25682   .5193843          90.5    96.76   0.000
-------------------------------------------------------------------

------------------------------------------------------------------------------
  Random-effects Parameters  |   Estimate   Std. Err.     [95% Conf. Interval]
-----------------------------+------------------------------------------------
schoolID: Unstructured       |
                var(frlunch) |    12.9522   3.385806      7.759482    21.61993
                  var(_cons) |   20.38885   3.843583       14.0906    29.50232
          cov(frlunch,_cons) |  -12.02469   3.227366     -18.35022   -5.699172
-----------------------------+------------------------------------------------
               var(Residual) |   236.8318   2.946667      231.1263    242.6782
------------------------------------------------------------------------------
LR test vs. linear model: chi2(3) = 446.91                Prob > chi2 = 0.0000

Note: LR test is conservative and provided only for reference.

.        estat ic, n(94),

Akaike's information criterion and Bayesian information criterion

-----------------------------------------------------------------------------
       Model |        Obs  ll(null)  ll(model)      df         AIC        BIC
-------------+---------------------------------------------------------------
           . |         94         .   -54436.8       7    108887.6   108905.4
-----------------------------------------------------------------------------
               Note: N=94 used in calculating BIC.

.        estat recovariance, relevel(schoolID)             // Get G matrix for whole sample

Random-effects covariance matrix for level schoolID

             |   frlunch      _cons 
-------------+----------------------
     frlunch |   12.9522            
       _cons | -12.02469   20.38885 

.        estat recovariance, relevel(schoolID) correlation // Get GCORR matrix for whole sample

Random-effects correlation matrix for level schoolID

             |   frlunch      _cons 
-------------+----------------------
     frlunch |         1            
       _cons |  -.739956          1 

.        estat wcorrelation, covariance at(schoolID=125)   // Get V matrix for first schoolID

Covariances for schoolID = 125:

         obs |      1       2       3       4       5       6       7       8       9      10      11      12      13      14      15      16      17 
-------------+----------------------------------------------------------------------------------------------------------------------------------------
           1 | 246.123                                                                                                                                
>  
           2 |  8.364  257.221                                                                                                                        
>  
           3 |  8.364  20.389  257.221                                                                                                                
>  
           4 |  9.292   8.364   8.364  246.123                                                                                                        
>  
           5 |  8.364  20.389  20.389   8.364  257.221                                                                                                
>  
           6 |  8.364  20.389  20.389   8.364  20.389  257.221                                                                                        
>  
           7 |  8.364  20.389  20.389   8.364  20.389  20.389  257.221                                                                                
>  
           8 |  8.364  20.389  20.389   8.364  20.389  20.389  20.389  257.221                                                                        
>  
           9 |  8.364  20.389  20.389   8.364  20.389  20.389  20.389  20.389  257.221                                                                
>  
          10 |  8.364  20.389  20.389   8.364  20.389  20.389  20.389  20.389  20.389  257.221                                                        
>  
          11 |  8.364  20.389  20.389   8.364  20.389  20.389  20.389  20.389  20.389  20.389  257.221                                                
>  
          12 |  8.364  20.389  20.389   8.364  20.389  20.389  20.389  20.389  20.389  20.389  20.389  257.221                                        
>  
          13 |  8.364  20.389  20.389   8.364  20.389  20.389  20.389  20.389  20.389  20.389  20.389  20.389  257.221                                
>  
          14 |  8.364  20.389  20.389   8.364  20.389  20.389  20.389  20.389  20.389  20.389  20.389  20.389  20.389  257.221                        
>  
          15 |  8.364  20.389  20.389   8.364  20.389  20.389  20.389  20.389  20.389  20.389  20.389  20.389  20.389  20.389  257.221                
>  
          16 |  8.364  20.389  20.389   8.364  20.389  20.389  20.389  20.389  20.389  20.389  20.389  20.389  20.389  20.389  20.389  257.221        
>  
          17 |  8.364  20.389  20.389   8.364  20.389  20.389  20.389  20.389  20.389  20.389  20.389  20.389  20.389  20.389  20.389  20.389  257.221
>  
          18 |  9.292   8.364   8.364   9.292   8.364   8.364   8.364   8.364   8.364   8.364   8.364   8.364   8.364   8.364   8.364   8.364   8.364 
          19 |  9.292   8.364   8.364   9.292   8.364   8.364   8.364   8.364   8.364   8.364   8.364   8.364   8.364   8.364   8.364   8.364   8.364 
          20 |  8.364  20.389  20.389   8.364  20.389  20.389  20.389  20.389  20.389  20.389  20.389  20.389  20.389  20.389  20.389  20.389  20.389 
          21 |  9.292   8.364   8.364   9.292   8.364   8.364   8.364   8.364   8.364   8.364   8.364   8.364   8.364   8.364   8.364   8.364   8.364 
          22 |  9.292   8.364   8.364   9.292   8.364   8.364   8.364   8.364   8.364   8.364   8.364   8.364   8.364   8.364   8.364   8.364   8.364 
          23 |  8.364  20.389  20.389   8.364  20.389  20.389  20.389  20.389  20.389  20.389  20.389  20.389  20.389  20.389  20.389  20.389  20.389 
          24 |  8.364  20.389  20.389   8.364  20.389  20.389  20.389  20.389  20.389  20.389  20.389  20.389  20.389  20.389  20.389  20.389  20.389 
          25 |  8.364  20.389  20.389   8.364  20.389  20.389  20.389  20.389  20.389  20.389  20.389  20.389  20.389  20.389  20.389  20.389  20.389 
          26 |  9.292   8.364   8.364   9.292   8.364   8.364   8.364   8.364   8.364   8.364   8.364   8.364   8.364   8.364   8.364   8.364   8.364 
          27 |  8.364  20.389  20.389   8.364  20.389  20.389  20.389  20.389  20.389  20.389  20.389  20.389  20.389  20.389  20.389  20.389  20.389 
          28 |  9.292   8.364   8.364   9.292   8.364   8.364   8.364   8.364   8.364   8.364   8.364   8.364   8.364   8.364   8.364   8.364   8.364 
          29 |  8.364  20.389  20.389   8.364  20.389  20.389  20.389  20.389  20.389  20.389  20.389  20.389  20.389  20.389  20.389  20.389  20.389 
          30 |  8.364  20.389  20.389   8.364  20.389  20.389  20.389  20.389  20.389  20.389  20.389  20.389  20.389  20.389  20.389  20.389  20.389 
          31 |  8.364  20.389  20.389   8.364  20.389  20.389  20.389  20.389  20.389  20.389  20.389  20.389  20.389  20.389  20.389  20.389  20.389 
          32 |  8.364  20.389  20.389   8.364  20.389  20.389  20.389  20.389  20.389  20.389  20.389  20.389  20.389  20.389  20.389  20.389  20.389 
          33 |  9.292   8.364   8.364   9.292   8.364   8.364   8.364   8.364   8.364   8.364   8.364   8.364   8.364   8.364   8.364   8.364   8.364 
          34 |  8.364  20.389  20.389   8.364  20.389  20.389  20.389  20.389  20.389  20.389  20.389  20.389  20.389  20.389  20.389  20.389  20.389 
          35 |  8.364  20.389  20.389   8.364  20.389  20.389  20.389  20.389  20.389  20.389  20.389  20.389  20.389  20.389  20.389  20.389  20.389 

         obs |     18      19      20      21      22      23      24      25      26      27      28      29      30      31      32      33      34 
-------------+----------------------------------------------------------------------------------------------------------------------------------------
          18 | 246.123                                                                                                                                
>  
          19 |  9.292  246.123                                                                                                                        
>  
          20 |  8.364   8.364  257.221                                                                                                                
>  
          21 |  9.292   9.292   8.364  246.123                                                                                                        
>  
          22 |  9.292   9.292   8.364   9.292  246.123                                                                                                
>  
          23 |  8.364   8.364  20.389   8.364   8.364  257.221                                                                                        
>  
          24 |  8.364   8.364  20.389   8.364   8.364  20.389  257.221                                                                                
>  
          25 |  8.364   8.364  20.389   8.364   8.364  20.389  20.389  257.221                                                                        
>  
          26 |  9.292   9.292   8.364   9.292   9.292   8.364   8.364   8.364  246.123                                                                
>  
          27 |  8.364   8.364  20.389   8.364   8.364  20.389  20.389  20.389   8.364  257.221                                                        
>  
          28 |  9.292   9.292   8.364   9.292   9.292   8.364   8.364   8.364   9.292   8.364  246.123                                                
>  
          29 |  8.364   8.364  20.389   8.364   8.364  20.389  20.389  20.389   8.364  20.389   8.364  257.221                                        
>  
          30 |  8.364   8.364  20.389   8.364   8.364  20.389  20.389  20.389   8.364  20.389   8.364  20.389  257.221                                
>  
          31 |  8.364   8.364  20.389   8.364   8.364  20.389  20.389  20.389   8.364  20.389   8.364  20.389  20.389  257.221                        
>  
          32 |  8.364   8.364  20.389   8.364   8.364  20.389  20.389  20.389   8.364  20.389   8.364  20.389  20.389  20.389  257.221                
>  
          33 |  9.292   9.292   8.364   9.292   9.292   8.364   8.364   8.364   9.292   8.364   9.292   8.364   8.364   8.364   8.364  246.123        
>  
          34 |  8.364   8.364  20.389   8.364   8.364  20.389  20.389  20.389   8.364  20.389   8.364  20.389  20.389  20.389  20.389   8.364  257.221
>  
          35 |  8.364   8.364  20.389   8.364   8.364  20.389  20.389  20.389   8.364  20.389   8.364  20.389  20.389  20.389  20.389   8.364  20.389 

         obs |     35 
-------------+--------
          35 | 257.221 

.        estat wcorrelation, at(schoolID=125)              // Get VCORR matrix for first schoolID

Standard deviations and correlations for schoolID = 125:

Standard deviations:

         obs |      1       2       3       4       5       6       7       8       9      10      11      12      13      14      15      16      17 
-------------+----------------------------------------------------------------------------------------------------------------------------------------
          sd | 15.688  16.038  16.038  15.688  16.038  16.038  16.038  16.038  16.038  16.038  16.038  16.038  16.038  16.038  16.038  16.038  16.038 

         obs |     18      19      20      21      22      23      24      25      26      27      28      29      30      31      32      33      34 
-------------+----------------------------------------------------------------------------------------------------------------------------------------
          sd | 15.688  15.688  16.038  15.688  15.688  16.038  16.038  16.038  15.688  16.038  15.688  16.038  16.038  16.038  16.038  15.688  16.038 

         obs |     35 
-------------+--------
          sd | 16.038 

Correlations:

         obs |      1       2       3       4       5       6       7       8       9      10      11      12      13      14      15      16      17 
-------------+----------------------------------------------------------------------------------------------------------------------------------------
           1 |  1.000                                                                                                                                 
           2 |  0.033   1.000                                                                                                                         
           3 |  0.033   0.079   1.000                                                                                                                 
           4 |  0.038   0.033   0.033   1.000                                                                                                         
           5 |  0.033   0.079   0.079   0.033   1.000                                                                                                 
           6 |  0.033   0.079   0.079   0.033   0.079   1.000                                                                                         
           7 |  0.033   0.079   0.079   0.033   0.079   0.079   1.000                                                                                 
           8 |  0.033   0.079   0.079   0.033   0.079   0.079   0.079   1.000                                                                         
           9 |  0.033   0.079   0.079   0.033   0.079   0.079   0.079   0.079   1.000                                                                 
          10 |  0.033   0.079   0.079   0.033   0.079   0.079   0.079   0.079   0.079   1.000                                                         
          11 |  0.033   0.079   0.079   0.033   0.079   0.079   0.079   0.079   0.079   0.079   1.000                                                 
          12 |  0.033   0.079   0.079   0.033   0.079   0.079   0.079   0.079   0.079   0.079   0.079   1.000                                         
          13 |  0.033   0.079   0.079   0.033   0.079   0.079   0.079   0.079   0.079   0.079   0.079   0.079   1.000                                 
          14 |  0.033   0.079   0.079   0.033   0.079   0.079   0.079   0.079   0.079   0.079   0.079   0.079   0.079   1.000                         
          15 |  0.033   0.079   0.079   0.033   0.079   0.079   0.079   0.079   0.079   0.079   0.079   0.079   0.079   0.079   1.000                 
          16 |  0.033   0.079   0.079   0.033   0.079   0.079   0.079   0.079   0.079   0.079   0.079   0.079   0.079   0.079   0.079   1.000         
          17 |  0.033   0.079   0.079   0.033   0.079   0.079   0.079   0.079   0.079   0.079   0.079   0.079   0.079   0.079   0.079   0.079   1.000 
          18 |  0.038   0.033   0.033   0.038   0.033   0.033   0.033   0.033   0.033   0.033   0.033   0.033   0.033   0.033   0.033   0.033   0.033 
          19 |  0.038   0.033   0.033   0.038   0.033   0.033   0.033   0.033   0.033   0.033   0.033   0.033   0.033   0.033   0.033   0.033   0.033 
          20 |  0.033   0.079   0.079   0.033   0.079   0.079   0.079   0.079   0.079   0.079   0.079   0.079   0.079   0.079   0.079   0.079   0.079 
          21 |  0.038   0.033   0.033   0.038   0.033   0.033   0.033   0.033   0.033   0.033   0.033   0.033   0.033   0.033   0.033   0.033   0.033 
          22 |  0.038   0.033   0.033   0.038   0.033   0.033   0.033   0.033   0.033   0.033   0.033   0.033   0.033   0.033   0.033   0.033   0.033 
          23 |  0.033   0.079   0.079   0.033   0.079   0.079   0.079   0.079   0.079   0.079   0.079   0.079   0.079   0.079   0.079   0.079   0.079 
          24 |  0.033   0.079   0.079   0.033   0.079   0.079   0.079   0.079   0.079   0.079   0.079   0.079   0.079   0.079   0.079   0.079   0.079 
          25 |  0.033   0.079   0.079   0.033   0.079   0.079   0.079   0.079   0.079   0.079   0.079   0.079   0.079   0.079   0.079   0.079   0.079 
          26 |  0.038   0.033   0.033   0.038   0.033   0.033   0.033   0.033   0.033   0.033   0.033   0.033   0.033   0.033   0.033   0.033   0.033 
          27 |  0.033   0.079   0.079   0.033   0.079   0.079   0.079   0.079   0.079   0.079   0.079   0.079   0.079   0.079   0.079   0.079   0.079 
          28 |  0.038   0.033   0.033   0.038   0.033   0.033   0.033   0.033   0.033   0.033   0.033   0.033   0.033   0.033   0.033   0.033   0.033 
          29 |  0.033   0.079   0.079   0.033   0.079   0.079   0.079   0.079   0.079   0.079   0.079   0.079   0.079   0.079   0.079   0.079   0.079 
          30 |  0.033   0.079   0.079   0.033   0.079   0.079   0.079   0.079   0.079   0.079   0.079   0.079   0.079   0.079   0.079   0.079   0.079 
          31 |  0.033   0.079   0.079   0.033   0.079   0.079   0.079   0.079   0.079   0.079   0.079   0.079   0.079   0.079   0.079   0.079   0.079 
          32 |  0.033   0.079   0.079   0.033   0.079   0.079   0.079   0.079   0.079   0.079   0.079   0.079   0.079   0.079   0.079   0.079   0.079 
          33 |  0.038   0.033   0.033   0.038   0.033   0.033   0.033   0.033   0.033   0.033   0.033   0.033   0.033   0.033   0.033   0.033   0.033 
          34 |  0.033   0.079   0.079   0.033   0.079   0.079   0.079   0.079   0.079   0.079   0.079   0.079   0.079   0.079   0.079   0.079   0.079 
          35 |  0.033   0.079   0.079   0.033   0.079   0.079   0.079   0.079   0.079   0.079   0.079   0.079   0.079   0.079   0.079   0.079   0.079 

         obs |     18      19      20      21      22      23      24      25      26      27      28      29      30      31      32      33      34 
-------------+----------------------------------------------------------------------------------------------------------------------------------------
          18 |  1.000                                                                                                                                 
          19 |  0.038   1.000                                                                                                                         
          20 |  0.033   0.033   1.000                                                                                                                 
          21 |  0.038   0.038   0.033   1.000                                                                                                         
          22 |  0.038   0.038   0.033   0.038   1.000                                                                                                 
          23 |  0.033   0.033   0.079   0.033   0.033   1.000                                                                                         
          24 |  0.033   0.033   0.079   0.033   0.033   0.079   1.000                                                                                 
          25 |  0.033   0.033   0.079   0.033   0.033   0.079   0.079   1.000                                                                         
          26 |  0.038   0.038   0.033   0.038   0.038   0.033   0.033   0.033   1.000                                                                 
          27 |  0.033   0.033   0.079   0.033   0.033   0.079   0.079   0.079   0.033   1.000                                                         
          28 |  0.038   0.038   0.033   0.038   0.038   0.033   0.033   0.033   0.038   0.033   1.000                                                 
          29 |  0.033   0.033   0.079   0.033   0.033   0.079   0.079   0.079   0.033   0.079   0.033   1.000                                         
          30 |  0.033   0.033   0.079   0.033   0.033   0.079   0.079   0.079   0.033   0.079   0.033   0.079   1.000                                 
          31 |  0.033   0.033   0.079   0.033   0.033   0.079   0.079   0.079   0.033   0.079   0.033   0.079   0.079   1.000                         
          32 |  0.033   0.033   0.079   0.033   0.033   0.079   0.079   0.079   0.033   0.079   0.033   0.079   0.079   0.079   1.000                 
          33 |  0.038   0.038   0.033   0.038   0.038   0.033   0.033   0.033   0.038   0.033   0.038   0.033   0.033   0.033   0.033   1.000         
          34 |  0.033   0.033   0.079   0.033   0.033   0.079   0.079   0.079   0.033   0.079   0.033   0.079   0.079   0.079   0.079   0.033   1.000 
          35 |  0.033   0.033   0.079   0.033   0.033   0.079   0.079   0.079   0.033   0.079   0.033   0.079   0.079   0.079   0.079   0.033   0.079 

         obs |     35 
-------------+--------
          35 |  1.000 

.        estimates store RandFRLunch         // save LL for LRT

.        lrtest RandFRLunch FixFRLunch       // LRT against fixed effect model

Likelihood-ratio test                                 LR chi2(2)  =     88.25
(Assumption: FixFRLunch nested in RandFRLunch)        Prob > chi2 =    0.0000

Note: The reported degrees of freedom assumes the null hypothesis is not on the boundary of the parameter space.  If this is not true, then the
      reported test is conservative.
Note: LR tests based on REML are valid only when the fixed-effects specification is identical for both models.

. 
. display as result "STATA Model 5: Add Cross-Level Interaction of Student by School Free/Reduced Lunch"
STATA Model 5: Add Cross-Level Interaction of Student by School Free/Reduced Lunch

. mixed math c.frlunch c.SMfrlunch30 c.frlunch#c.SMfrlunch30, ///
>        || schoolID: c.frlunch, variance reml covariance(un) dfmethod(satterthwaite) dftable(pvalue),   

Performing EM optimization: 

Performing gradient-based optimization: 

Iteration 0:   log restricted-likelihood =  -54433.72  
Iteration 1:   log restricted-likelihood = -54433.716  

Computing standard errors:

Computing degrees of freedom:

Mixed-effects REML regression                   Number of obs     =     13,082
Group variable: schoolID                        Number of groups  =         94

                                                Obs per group:
                                                              min =         31
                                                              avg =      139.2
                                                              max =        515
DF method: Satterthwaite                        DF:           min =      81.32
                                                              avg =      88.41
                                                              max =      94.22

                                                F(3,    79.63)    =     133.68
Log restricted-likelihood = -54433.716          Prob > F          =     0.0000

------------------------------------------------------------------------------
                   math |      Coef.   Std. Err.           DF       t    P>|t|
------------------------+-----------------------------------------------------
                frlunch |  -8.678057   .5737656          87.2   -15.12   0.000
            SMfrlunch30 |  -19.46556   2.500942          94.2    -7.78   0.000
                        |
c.frlunch#c.SMfrlunch30 |   4.147137   2.666121          81.3     1.56   0.124
                        |
                  _cons |   50.21914   .5198742          90.8    96.60   0.000
------------------------------------------------------------------------------

------------------------------------------------------------------------------
  Random-effects Parameters  |   Estimate   Std. Err.     [95% Conf. Interval]
-----------------------------+------------------------------------------------
schoolID: Unstructured       |
                var(frlunch) |   12.26453   3.297719      7.240651     20.7742
                  var(_cons) |   20.37803   3.825719      14.10457    29.44182
          cov(frlunch,_cons) |  -11.59195   3.189377     -17.84301   -5.340881
-----------------------------+------------------------------------------------
               var(Residual) |   236.8208     2.9464      231.1158    242.6666
------------------------------------------------------------------------------
LR test vs. linear model: chi2(3) = 449.29                Prob > chi2 = 0.0000

Note: LR test is conservative and provided only for reference.

.       estat ic, n(94)

Akaike's information criterion and Bayesian information criterion

-----------------------------------------------------------------------------
       Model |        Obs  ll(null)  ll(model)      df         AIC        BIC
-------------+---------------------------------------------------------------
           . |         94         .  -54433.72       8    108883.4   108903.8
-----------------------------------------------------------------------------
               Note: N=94 used in calculating BIC.

. 
. display as result "STATA Model 6: Add Level-2 Interaction of Quadratic School Free/Reduced Lunch"
STATA Model 6: Add Level-2 Interaction of Quadratic School Free/Reduced Lunch

. mixed math c.frlunch c.SMfrlunch30 c.frlunch#c.SMfrlunch30 c.SMfrlunch30#c.SMfrlunch30, ///
>        || schoolID: c.frlunch, variance reml covariance(un) dfmethod(satterthwaite) dftable(pvalue),  

Performing EM optimization: 

Performing gradient-based optimization: 

Iteration 0:   log restricted-likelihood = -54429.364  
Iteration 1:   log restricted-likelihood = -54429.361  

Computing standard errors:

Computing degrees of freedom:

Mixed-effects REML regression                   Number of obs     =     13,082
Group variable: schoolID                        Number of groups  =         94

                                                Obs per group:
                                                              min =         31
                                                              avg =      139.2
                                                              max =        515
DF method: Satterthwaite                        DF:           min =      83.48
                                                              avg =      95.03
                                                              max =     109.86

                                                F(4,    83.80)    =     100.67
Log restricted-likelihood = -54429.361          Prob > F          =     0.0000

----------------------------------------------------------------------------------
                       math |      Coef.   Std. Err.           DF       t    P>|t|
----------------------------+-----------------------------------------------------
                    frlunch |   -8.82409   .5835469          88.5   -15.12   0.000
                SMfrlunch30 |  -17.97446   2.636959          92.4    -6.82   0.000
                            |
    c.frlunch#c.SMfrlunch30 |   5.426766   2.797627          83.5     1.94   0.056
                            |
c.SMfrlunch30#c.SMfrlunch30 |   -14.3164   8.997178         100.9    -1.59   0.115
                            |
                      _cons |   50.86013   .6507596         109.9    78.16   0.000
----------------------------------------------------------------------------------

------------------------------------------------------------------------------
  Random-effects Parameters  |   Estimate   Std. Err.     [95% Conf. Interval]
-----------------------------+------------------------------------------------
schoolID: Unstructured       |
                var(frlunch) |   12.31065   3.319379      7.257173    20.88308
                  var(_cons) |   19.66527   3.730181      13.55942    28.52062
          cov(frlunch,_cons) |  -11.17293   3.146001     -17.33898   -5.006883
-----------------------------+------------------------------------------------
               var(Residual) |   236.8135   2.946286      231.1087    242.6591
------------------------------------------------------------------------------
LR test vs. linear model: chi2(3) = 435.14                Prob > chi2 = 0.0000

Note: LR test is conservative and provided only for reference.

.       estat ic, n(94),

Akaike's information criterion and Bayesian information criterion

-----------------------------------------------------------------------------
       Model |        Obs  ll(null)  ll(model)      df         AIC        BIC
-------------+---------------------------------------------------------------
           . |         94         .  -54429.36       9    108876.7   108899.6
-----------------------------------------------------------------------------
               Note: N=94 used in calculating BIC.

.       test (c.frlunch#c.SMfrlunch30=0) (c.SMfrlunch30#c.SMfrlunch30), small    // Test Omnibus Interaction

 ( 1)  [math]c.frlunch#c.SMfrlunch30 = 0
 ( 2)  [math]c.SMfrlunch30#c.SMfrlunch30 = 0

       F(  2, 91.72) =    2.45
            Prob > F =    0.0915

.       lincom 1*c.frlunch + 1*c.SMfrlunch30, small                              // FR lunch BS simple main effect

 ( 1)  [math]frlunch + [math]SMfrlunch30 = 0

------------------------------------------------------------------------------
        math |      Coef.   Std. Err.      t    P>|t|     [95% Conf. Interval]
-------------+----------------------------------------------------------------
         (1) |  -26.79855    2.64545   -10.13   0.000    -32.05052   -21.54657
------------------------------------------------------------------------------

.       lincom 1*c.frlunch#c.SMfrlunch30 + 1*c.SMfrlunch30#c.SMfrlunch30, small  // FR lunch BS interaction

 ( 1)  [math]c.frlunch#c.SMfrlunch30 + [math]c.SMfrlunch30#c.SMfrlunch30 = 0

------------------------------------------------------------------------------
        math |      Coef.   Std. Err.      t    P>|t|     [95% Conf. Interval]
-------------+----------------------------------------------------------------
         (1) |  -8.889638   8.604951    -1.03   0.304    -25.98982    8.210543
------------------------------------------------------------------------------

.       margins, at(c.frlunch=(0 1) c.SMfrlunch30=(-.2 0 .2 .4)) vsquish         // create predicted values

Adjusted predictions                            Number of obs     =     13,082

Expression   : Linear prediction, fixed portion, predict()
1._at        : frlunch         =           0
               SMfrlunch30     =         -.2
2._at        : frlunch         =           0
               SMfrlunch30     =           0
3._at        : frlunch         =           0
               SMfrlunch30     =          .2
4._at        : frlunch         =           0
               SMfrlunch30     =          .4
5._at        : frlunch         =           1
               SMfrlunch30     =         -.2
6._at        : frlunch         =           1
               SMfrlunch30     =           0
7._at        : frlunch         =           1
               SMfrlunch30     =          .2
8._at        : frlunch         =           1
               SMfrlunch30     =          .4

------------------------------------------------------------------------------
             |            Delta-method
             |     Margin   Std. Err.      z    P>|z|     [95% Conf. Interval]
-------------+----------------------------------------------------------------
         _at |
          1  |   53.88237    .706204    76.30   0.000     52.49823     55.2665
          2  |   50.86013   .6507596    78.16   0.000     49.58467     52.1356
          3  |   46.69258   .7655668    60.99   0.000      45.1921    48.19307
          4  |   41.37972   1.316723    31.43   0.000     38.79899    43.96045
          5  |   43.97292   .8982436    48.95   0.000      42.2124    45.73345
          6  |   42.03604   .5954347    70.60   0.000     40.86901    43.20307
          7  |   38.95385   .6163186    63.20   0.000     37.74588    40.16181
          8  |   34.72634   .9606802    36.15   0.000     32.84344    36.60924
------------------------------------------------------------------------------

.       marginsplot, noci name(predicted_lunch, replace) xdimension(frlunch)     // plot predicted, no CI 

  Variables that uniquely identify margins: frlunch SMfrlunch30

.       predict predtotal,         // save fixed-effect predicted outcomes
(option xb assumed)

.       corr math predtotal                             
(obs=13,082)

             |     math predto~l
-------------+------------------
        math |   1.0000
   predtotal |   0.4051   1.0000


.       display as result r(rho)^2 // total R2
.16412295

.      
. // Close log
. log close STATA_Example3b 
      name:  STATA_Example3b
       log:  C:\Dropbox\19_PSQF7375_Clustered\PSQF7375_Clustered_Example3b\PSQF7375_Clustered_Example3b_STATA_Output.log
  log type:  text
 closed on:   2 Nov 2019, 14:02:50
------------------------------------------------------------------------------------------------------------------------------------------------------
